ARM Linker, 5.02 [Build 28] [MDK-ARM Standard]

==============================================================================

Section Cross References

    system_stm32f10x.o(.text) refers to system_stm32f10x.o(.data) for .data
    stm32f10x_gpio.o(.text) refers to stm32f10x_rcc.o(.text) for RCC_APB2PeriphResetCmd
    stm32f10x_rcc.o(.text) refers to stm32f10x_rcc.o(.data) for .data
    stm32f10x_spi.o(.text) refers to stm32f10x_rcc.o(.text) for RCC_APB2PeriphResetCmd
    stm32f10x_usart.o(.text) refers to stm32f10x_rcc.o(.text) for RCC_APB2PeriphResetCmd
    startup_stm32f10x_md.o(STACK) refers (Special) to heapauxi.o(.text) for __use_two_region_memory
    startup_stm32f10x_md.o(HEAP) refers (Special) to heapauxi.o(.text) for __use_two_region_memory
    startup_stm32f10x_md.o(RESET) refers (Special) to heapauxi.o(.text) for __use_two_region_memory
    startup_stm32f10x_md.o(RESET) refers to startup_stm32f10x_md.o(STACK) for __initial_sp
    startup_stm32f10x_md.o(RESET) refers to startup_stm32f10x_md.o(.text) for Reset_Handler
    startup_stm32f10x_md.o(RESET) refers to stm32f10x_it.o(.text) for NMI_Handler
    startup_stm32f10x_md.o(.text) refers (Special) to heapauxi.o(.text) for __use_two_region_memory
    startup_stm32f10x_md.o(.text) refers to system_stm32f10x.o(.text) for SystemInit
    startup_stm32f10x_md.o(.text) refers to __main.o(!!!main) for __main
    startup_stm32f10x_md.o(.text) refers to startup_stm32f10x_md.o(HEAP) for Heap_Mem
    startup_stm32f10x_md.o(.text) refers to startup_stm32f10x_md.o(STACK) for Stack_Mem
    delay.o(.text) refers to delay.o(.data) for .data
    spi.o(.text) refers to stm32f10x_spi.o(.text) for SPI_I2S_GetFlagStatus
    spi.o(.text) refers to stm32f10x_rcc.o(.text) for RCC_APB2PeriphClockCmd
    spi.o(.text) refers to stm32f10x_gpio.o(.text) for GPIO_Init
    io.o(.text) refers to stm32f10x_rcc.o(.text) for RCC_APB2PeriphClockCmd
    io.o(.text) refers to stm32f10x_gpio.o(.text) for GPIO_Init
    mmc_sd.o(.text) refers to spi.o(.text) for SPI2_ReadWriteByte
    mmc_sd.o(.text) refers to stm32f10x_gpio.o(.text) for GPIO_SetBits
    mmc_sd.o(.text) refers to mmc_sd.o(.data) for .data
    sn76489.o(.text) refers to vgmboard.o(.text) for VGMBoard_WriteSN76489
    ym2151.o(.text) refers to vgmboard.o(.text) for VGMBoard_WriteYM2151
    ym2612.o(.text) refers to vgmboard.o(.text) for VGMBoard_WriteYM2612
    vgmboard.o(.text) refers to stm32f10x_gpio.o(.text) for GPIO_SetBits
    vgmboard.o(.text) refers to delay.o(.text) for delay_us
    vgmboard.o(.text) refers to spi.o(.text) for SPI2_ReadWriteByte
    vgmboard.o(.text) refers to dflt_clz.o(x$fpl$dfltu) for __aeabi_ui2d
    vgmboard.o(.text) refers to dmul.o(x$fpl$dmul) for __aeabi_dmul
    vgmboard.o(.text) refers to dfixu.o(x$fpl$dfixu) for __aeabi_d2uiz
    vgmboard.o(.text) refers to stm32f10x_rcc.o(.text) for RCC_APB2PeriphClockCmd
    vgmboard.o(.text) refers to io.o(.text) for pinMode
    vgmboard.o(.text) refers to io.o(.constdata) for PORT_A0
    vgmboard.o(.text) refers to io.o(.constdata) for PORT_A1
    vgmboard.o(.text) refers to io.o(.constdata) for PORT_A2
    vgmboard.o(.text) refers to io.o(.constdata) for PORT_A3
    vgmboard.o(.text) refers to io.o(.constdata) for PORT_A4
    vgmboard.o(.text) refers to io.o(.constdata) for PORT_A5
    vgmboard.o(.text) refers to io.o(.constdata) for PORT_A6
    vgmboard.o(.text) refers to io.o(.constdata) for PORT_A7
    vgmboard.o(.text) refers to io.o(.constdata) for PORT_B4
    vgmboard.o(.text) refers to io.o(.constdata) for PORT_B9
    vgmboard.o(.text) refers to io.o(.constdata) for PORT_B10
    vgmboard.o(.text) refers to io.o(.constdata) for PORT_B0
    vgmboard.o(.text) refers to io.o(.constdata) for PORT_B1
    vgmboard.o(.text) refers to io.o(.constdata) for PORT_B11
    vgmboard.o(.text) refers to io.o(.constdata) for PORT_B8
    vgmboard.o(.text) refers to io.o(.constdata) for PORT_B3
    vgmboard.o(.text) refers to io.o(.constdata) for PORT_B7
    vgmboard.o(.text) refers to io.o(.constdata) for PORT_B6
    vgmboard.o(.text) refers to io.o(.constdata) for PORT_B5
    vgmboard.o(.text) refers to io.o(.constdata) for PORT_A15
    vgmboard.o(.text) refers to io.o(.constdata) for PORT_A12
    vgmboard.o(.text) refers to io.o(.constdata) for PORT_A11
    vgmboard.o(.text) refers to io.o(.constdata) for PORT_A10
    vgmboard.o(.text) refers to io.o(.constdata) for PORT_A9
    vgmboard.o(.text) refers to io.o(.constdata) for PORT_A8
    vgmboard.o(.text) refers to io.o(.constdata) for PORT_B12
    vgmboard.o(.text) refers to malloc.o(.text) for mem_init
    vgmboard.o(.text) refers to mmc_sd.o(.text) for SD_Initialize
    vgmboard.o(.text) refers to ff.o(.text) for f_mount
    vgmboard.o(.text) refers to vgmboard.o(.bss) for .bss
    audiodevice.o(.text) refers to new.o(i._Znwj) for operator new(unsigned)
    audiodevice.o(.text) refers to rt_memclr_w.o(.text) for __aeabi_memclr4
[...]
    .text                                    0x08000aa8   Section        0  delay.o(.text)
    .text                                    0x08000b1c   Section        0  spi.o(.text)
    .text                                    0x08000c54   Section        0  io.o(.text)
    .text                                    0x08000c84   Section        0  mmc_sd.o(.text)
    .text                                    0x0800112c   Section        0  sn76489.o(.text)
    .text                                    0x08001142   Section        0  ym2151.o(.text)
    .text                                    0x0800115a   Section        0  ym2612.o(.text)
    .text                                    0x08001174   Section        0  vgmboard.o(.text)
    .text                                    0x080016c8   Section        0  audiodevice.o(.text)
    .text                                    0x08001732   Section        0  obserable.o(.text)
    .text                                    0x080018c4   Section        0  observer.o(.text)
    .text                                    0x080018d0   Section        0  platform.o(.text)
    .text                                    0x080018f0   Section        0  vgmdata.o(.text)
    .text                                    0x08001dfc   Section        0  vgmdataobverser.o(.text)
    .text                                    0x08001e10   Section        0  vgmfile.o(.text)
    .text                                    0x08001fac   Section        0  vgmaudioplayer.o(.text)
    .text                                    0x08001ffc   Section        0  main.o(.text)
    .text                                    0x0800234c   Section        0  stm32f10x_it.o(.text)
    .text                                    0x0800235e   Section        0  diskio.o(.text)
    .text                                    0x080023fc   Section        0  ff.o(.text)
    sync_window                              0x080023fd   Thumb Code    80  ff.o(.text)
    move_window                              0x0800244d   Thumb Code    46  ff.o(.text)
    sync_fs                                  0x0800247b   Thumb Code   176  ff.o(.text)
    remove_chain                             0x080026ef   Thumb Code    96  ff.o(.text)
    create_chain                             0x0800274f   Thumb Code   156  ff.o(.text)
    clmt_clust                               0x080027eb   Thumb Code    38  ff.o(.text)
    dir_sdi                                  0x08002811   Thumb Code   126  ff.o(.text)
    dir_next                                 0x0800288f   Thumb Code   228  ff.o(.text)
    dir_alloc                                0x08002973   Thumb Code    66  ff.o(.text)
    dir_find                                 0x080029b5   Thumb Code   302  ff.o(.text)
    dir_read                                 0x08002ae3   Thumb Code   246  ff.o(.text)
    dir_register                             0x08002bd9   Thumb Code   354  ff.o(.text)
    dir_remove                               0x08002d3b   Thumb Code    96  ff.o(.text)
    get_fileinfo                             0x08002d9b   Thumb Code   184  ff.o(.text)
    create_name                              0x08002e53   Thumb Code   492  ff.o(.text)
    follow_path                              0x0800303f   Thumb Code   128  ff.o(.text)
    get_ldnumber                             0x080030bf   Thumb Code    60  ff.o(.text)
    check_fs                                 0x080030fb   Thumb Code    86  ff.o(.text)
    find_volume                              0x08003151   Thumb Code   550  ff.o(.text)
    validate                                 0x08003377   Thumb Code    38  ff.o(.text)
    putc_bfd                                 0x080047fb   Thumb Code    58  ff.o(.text)
    mem_cpy                                  0x08004ab3   Thumb Code    16  ff.o(.text)
    mem_set                                  0x08004ac3   Thumb Code    16  ff.o(.text)
    chk_chr                                  0x08004ad3   Thumb Code    16  ff.o(.text)
    ld_clust                                 0x08004ae3   Thumb Code    18  ff.o(.text)
    st_clust                                 0x08004af5   Thumb Code    16  ff.o(.text)
    gen_numname                              0x08004b05   Thumb Code   132  ff.o(.text)
    sum_sfn                                  0x08004b89   Thumb Code    26  ff.o(.text)
    .text                                    0x08004ba8   Section        0  unicode.o(.text)
    .text                                    0x08004c04   Section        0  malloc.o(.text)
    .text                                    0x08004d58   Section        0  abort.o(.text)
    .text                                    0x08004d68   Section        0  strstr.o(.text)
    .text                                    0x08004d8c   Section      100  rt_memcpy_w.o(.text)
    .text                                    0x08004df0   Section       78  rt_memclr_w.o(.text)
    .text                                    0x08004e3e   Section       86  strncpy.o(.text)
    .text                                    0x08004e94   Section        0  heapauxi.o(.text)
    .text                                    0x08004e9c   Section        0  sys_exit.o(.text)
    .text                                    0x08004ea8   Section        8  rt_new_handler_addr_intlibspace.o(.text)
    .text                                    0x08004eb0   Section        0  h1_alloc.o(.text)
    .text                                    0x08004f0e   Section        0  h1_free.o(.text)
    .text                                    0x08004f5c   Section        0  defsig_abrt_outer.o(.text)
    .text                                    0x08004f6a   Section        0  defsig_pvfn_outer.o(.text)
    .text                                    0x08004f78   Section       68  rt_memclr.o(.text)
    .text                                    0x08004fbc   Section        0  arm_newhandler_noexceptions.o(.text)
    .text                                    0x08004fc0   Section        8  libspace.o(.text)
    .text                                    0x08004fc8   Section        2  use_no_semi.o(.text)
    .text                                    0x08004fca   Section        0  indicate_semi.o(.text)
    .text                                    0x08004fcc   Section        8  rt_heap_descriptor_intlibspace.o(.text)
    .text                                    0x08004fd4   Section        0  hguard.o(.text)
    .text                                    0x08004fd8   Section        0  init_alloc.o(.text)
    .text                                    0x08005062   Section        0  h1_init.o(.text)
    .text                                    0x08005070   Section        0  defsig_exit.o(.text)
    .text                                    0x0800507c   Section        0  defsig_abrt_inner.o(.text)
    .text                                    0x080050ac   Section        0  defsig_pvfn_inner.o(.text)
    .text                                    0x080050dc   Section        0  arm_exceptions_globs.o(.text)
    __default_terminate_handler()            0x080050dd   Thumb Code     4  arm_exceptions_globs.o(.text)
    .text                                    0x0800512c   Section        0  arm_exceptions_terminate.o(.text)
    .text                                    0x08005146   Section       74  sys_stackheap_outer.o(.text)
    .text                                    0x08005190   Section        8  rt_eh_globals_addr_intlibspace.o(.text)
    .text                                    0x08005198   Section        0  h1_extend.o(.text)
    .text                                    0x080051cc   Section        0  exit.o(.text)
    .text                                    0x080051d8   Section        0  defsig_general.o(.text)
    .text                                    0x0800520a   Section        0  defsig_rtmem_outer.o(.text)
    .text                                    0x08005218   Section        0  arm_exceptions_mem.o(.text)
    .text                                    0x08005254   Section        0  sys_wrch.o(.text)
    .text                                    0x08005264   Section        0  defsig_rtmem_inner.o(.text)
    i._ZN4__rw15__rw_deallocateEPvji         0x080052b4   Section        0  rwalloc.o(i._ZN4__rw15__rw_deallocateEPvji)
    i._ZdaPv                                 0x080052b8   Section        0  array_del.o(i._ZdaPv)
    i._ZdlPv                                 0x080052c0   Section        0  delete.o(i._ZdlPv)
    i._Znaj                                  0x080052c8   Section        0  array_new.o(i._Znaj)
    i._Znwj                                  0x080052d0   Section        0  new.o(i._Znwj)
    i.__cxa_pure_virtual                     0x080052f8   Section        0  pure_virt.o(i.__cxa_pure_virtual)
    t._ZN6VectorIP8ObserverEixEj             0x080052fe   Section        0  obserable.o(t._ZN6VectorIP8ObserverEixEj)
    t._ZNSt6vectorIiSaIiEEC1ERKS0_           0x08005310   Section        0  vgmdata.o(t._ZNSt6vectorIiSaIiEEC1ERKS0_)
    t._ZNSt6vectorIiSaIiEED1Ev               0x0800531a   Section        0  vgmdata.o(t._ZNSt6vectorIiSaIiEED1Ev)
    x$fpl$dfixu                              0x0800533c   Section       90  dfixu.o(x$fpl$dfixu)
    x$fpl$dfltu                              0x08005396   Section       38  dflt_clz.o(x$fpl$dfltu)
    x$fpl$dmul                               0x080053bc   Section      340  dmul.o(x$fpl$dmul)
    x$fpl$dnaninf                            0x08005510   Section      156  dnaninf.o(x$fpl$dnaninf)
    x$fpl$dretinf                            0x080055ac   Section       12  dretinf.o(x$fpl$dretinf)
    .constdata                               0x080055b8   Section       12  io.o(.constdata)
    x$fpl$usenofp                            0x080055b8   Section        0  usenofp.o(x$fpl$usenofp)
    .constdata                               0x080055c4   Section       12  io.o(.constdata)
    .constdata                               0x080055d0   Section       12  io.o(.constdata)
    .constdata                               0x080055dc   Section       12  io.o(.constdata)
    .constdata                               0x080055e8   Section       12  io.o(.constdata)
    .constdata                               0x080055f4   Section       12  io.o(.constdata)
    .constdata                               0x08005600   Section       12  io.o(.constdata)
    .constdata                               0x0800560c   Section       12  io.o(.constdata)
    .constdata                               0x08005618   Section       12  io.o(.constdata)
    .constdata                               0x08005624   Section       12  io.o(.constdata)
    .constdata                               0x08005630   Section       12  io.o(.constdata)
    .constdata                               0x0800563c   Section       12  io.o(.constdata)
    .constdata                               0x08005648   Section       12  io.o(.constdata)
    .constdata                               0x08005654   Section       12  io.o(.constdata)
    .constdata                               0x08005660   Section       12  io.o(.constdata)
    .constdata                               0x0800566c   Section       12  io.o(.constdata)
    .constdata                               0x08005678   Section       12  io.o(.constdata)
    .constdata                               0x08005684   Section       12  io.o(.constdata)
    .constdata                               0x08005690   Section       12  io.o(.constdata)
    .constdata                               0x0800569c   Section       12  io.o(.constdata)
    .constdata                               0x080056a8   Section       12  io.o(.constdata)
    .constdata                               0x080056b4   Section       12  io.o(.constdata)
    .constdata                               0x080056c0   Section       12  io.o(.constdata)
    .constdata                               0x080056cc   Section       12  io.o(.constdata)
    .constdata                               0x080056d8   Section       12  io.o(.constdata)
    .constdata                               0x080056e4   Section       12  io.o(.constdata)
    .constdata                               0x080056f0   Section     1966  main.o(.constdata)
    .constdata                               0x08005e9e   Section      186  ff.o(.constdata)
    ExCvt                                    0x08005e9e   Data         128  ff.o(.constdata)
    LfnOfs                                   0x08005f1e   Data          13  ff.o(.constdata)
    vst                                      0x08005f2c   Data          22  ff.o(.constdata)
    cst                                      0x08005f42   Data          22  ff.o(.constdata)
    .constdata                               0x08005f58   Section     1216  unicode.o(.constdata)
    Tbl                                      0x08005f58   Data         256  unicode.o(.constdata)
    tbl_lower                                0x08006058   Data         480  unicode.o(.constdata)
    tbl_upper                                0x08006238   Data         480  unicode.o(.constdata)
    .constdata__ZTV14VGMAudioPlayer          0x08006418   Section       48  vgmaudioplayer.o(.constdata__ZTV14VGMAudioPlayer)
    .constdata__ZTV15VGMDataObverser         0x08006448   Section       40  vgmdataobverser.o(.constdata__ZTV15VGMDataObverser)
    .constdata__ZTV7VGMData                  0x08006470   Section       68  vgmdata.o(.constdata__ZTV7VGMData)
    .constdata__ZTV7VGMFile                  0x080064b4   Section       68  vgmfile.o(.constdata__ZTV7VGMFile)
    .constdata__ZTV8Observer                 0x080064f8   Section       40  observer.o(.constdata__ZTV8Observer)
    .data                                    0x20000000   Section       20  system_stm32f10x.o(.data)
    .data                                    0x20000014   Section       20  stm32f10x_rcc.o(.data)
    ADCPrescTable                            0x20000014   Data           4  stm32f10x_rcc.o(.data)
    APBAHBPrescTable                         0x20000018   Data          16  stm32f10x_rcc.o(.data)
    .data                                    0x20000028   Section        4  delay.o(.data)
    fac_us                                   0x20000028   Data           1  delay.o(.data)
    fac_ms                                   0x2000002a   Data           2  delay.o(.data)
    .data                                    0x2000002c   Section        1  mmc_sd.o(.data)
    .data                                    0x20000030   Section        4  main.o(.data)
    currentMusic                             0x20000030   Data           4  main.o(.data)
    .data                                    0x20000034   Section       12  ff.o(.data)
    Fsid                                     0x20000034   Data           2  ff.o(.data)
    FatFs                                    0x20000038   Data           8  ff.o(.data)
    .data                                    0x20000040   Section       20  malloc.o(.data)
    .bss                                     0x20000054   Section      560  vgmboard.o(.bss)
    .bss                                     0x20000284   Section    10240  malloc.o(.bss)
    .bss                                     0x20002a84   Section      640  malloc.o(.bss)
    .bss                                     0x20002d04   Section       96  libspace.o(.bss)
    HEAP                                     0x20002d68   Section     4096  startup_stm32f10x_md.o(HEAP)
    Heap_Mem                                 0x20002d68   Data        4096  startup_stm32f10x_md.o(HEAP)
    STACK                                    0x20003d68   Section     4096  startup_stm32f10x_md.o(STACK)
    Stack_Mem                                0x20003d68   Data        4096  startup_stm32f10x_md.o(STACK)
    __initial_sp                             0x20004d68   Data           0  startup_stm32f10x_md.o(STACK)

    Global Symbols

    Symbol Name                              Value     Ov Type        Size  Object(Section)

    BuildAttributes$$THM_ISAv4$P$D$K$B$S$PE$A:L22UL41UL21$X:L11$S22US41US21$IEEE1$IW$USESV6$~STKCKD$USESV7$~SHL$OTIME$ROPI$IEEEX$EBA8$UX$STANDARDLIB$REQ8$PRES8$EABIv2 0x00000000   Number         0  anon$$obj.o ABSOLUTE
    __ARM_use_no_argv                        0x00000000   Number         0  main.o ABSOLUTE
    _printf_flags                            0x00000000   Number         0  printf_stubs.o ABSOLUTE
    _printf_return_value                     0x00000000   Number         0  printf_stubs.o ABSOLUTE
    _printf_sizespec                         0x00000000   Number         0  printf_stubs.o ABSOLUTE
    _printf_widthprec                        0x00000000   Number         0  printf_stubs.o ABSOLUTE
    SHT$$ARM_EXIDX$$Base                      - Undefined Reference
    SHT$$ARM_EXIDX$$Limit                     - Undefined Reference
    __ARM::default_unexpected_handler()       - Undefined Weak Reference
    __ARM_exceptions_buffer_required          - Undefined Weak Reference
    __ARM_exceptions_init                     - Undefined Weak Reference
    __aeabi_unwind_cpp_pr2                    - Undefined Weak Reference
    __alloca_initialize                       - Undefined Weak Reference
    __cpp_initialize__aeabi_                  - Undefined Weak Reference
    __cxa_type_match                          - Undefined Weak Reference
    __sigvec_lookup                           - Undefined Weak Reference
    __user_heap_extent                        - Undefined Weak Reference
    _atexit_init                              - Undefined Weak Reference
    _call_atexit_fns                          - Undefined Weak Reference
    _clock_init                               - Undefined Weak Reference
    _fp_trap_init                             - Undefined Weak Reference
    _fp_trap_shutdown                         - Undefined Weak Reference
    _get_lc_time                              - Undefined Weak Reference
    _getenv_init                              - Undefined Weak Reference
    _handle_redirection                       - Undefined Weak Reference
    _mutex_acquire                            - Undefined Weak Reference
    _mutex_free                               - Undefined Weak Reference
    _mutex_release                            - Undefined Weak Reference
    _printf_mbtowc                            - Undefined Weak Reference
    _printf_wc                                - Undefined Weak Reference
    _rand_init                                - Undefined Weak Reference
    _signal_finish                            - Undefined Weak Reference
    _signal_init                              - Undefined Weak Reference
    __Vectors_Size                           0x000000ec   Number         0  startup_stm32f10x_md.o ABSOLUTE
    __Vectors                                0x08000000   Data           4  startup_stm32f10x_md.o(RESET)
    __dso_handle                             0x08000000   Number         0  startup_stm32f10x_md.o(RESET)
    __Vectors_End                            0x080000ec   Data           0  startup_stm32f10x_md.o(RESET)
    __main                                   0x080000ed   Thumb Code     8  __main.o(!!!main)
    __scatterload                            0x080000f5   Thumb Code     0  __scatter.o(!!!scatter)
    __scatterload_rt2                        0x080000f5   Thumb Code    44  __scatter.o(!!!scatter)
    __scatterload_rt2_thumb_only             0x080000f5   Thumb Code     0  __scatter.o(!!!scatter)
    __scatterload_null                       0x08000103   Thumb Code     0  __scatter.o(!!!scatter)
    __scatterload_copy                       0x08000129   Thumb Code    26  __scatter_copy.o(!!handler_copy)
    __scatterload_zeroinit                   0x08000145   Thumb Code    28  __scatter_zi.o(!!handler_zi)
    __rt_lib_init                            0x08000161   Thumb Code     0  libinit.o(.ARM.Collect$$libinit$$00000000)
    __rt_lib_init_fp_1                       0x08000163   Thumb Code     0  libinit2.o(.ARM.Collect$$libinit$$00000002)
    __rt_lib_init_heap_2                     0x08000163   Thumb Code     0  libinit2.o(.ARM.Collect$$libinit$$00000003)
    __rt_lib_init_alloca_1                   0x0800016b   Thumb Code     0  libinit2.o(.ARM.Collect$$libinit$$0000002C)
    __rt_lib_init_argv_1                     0x0800016b   Thumb Code     0  libinit2.o(.ARM.Collect$$libinit$$0000002A)
    __rt_lib_init_atexit_1                   0x0800016b   Thumb Code     0  libinit2.o(.ARM.Collect$$libinit$$00000019)
    __rt_lib_init_clock_1                    0x0800016b   Thumb Code     0  libinit2.o(.ARM.Collect$$libinit$$0000001F)
    __rt_lib_init_cpp_1                      0x0800016b   Thumb Code     0  libinit2.o(.ARM.Collect$$libinit$$00000030)
    __rt_lib_init_exceptions_1               0x0800016b   Thumb Code     0  libinit2.o(.ARM.Collect$$libinit$$0000002E)
    __rt_lib_init_fp_trap_1                  0x0800016b   Thumb Code     0  libinit2.o(.ARM.Collect$$libinit$$0000001D)
    __rt_lib_init_getenv_1                   0x0800016b   Thumb Code     0  libinit2.o(.ARM.Collect$$libinit$$00000021)
    __rt_lib_init_heap_1                     0x0800016b   Thumb Code     0  libinit2.o(.ARM.Collect$$libinit$$00000008)
    __rt_lib_init_lc_collate_1               0x0800016b   Thumb Code     0  libinit2.o(.ARM.Collect$$libinit$$0000000F)
    __rt_lib_init_lc_ctype_1                 0x0800016b   Thumb Code     0  libinit2.o(.ARM.Collect$$libinit$$00000011)
    __rt_lib_init_lc_monetary_1              0x0800016b   Thumb Code     0  libinit2.o(.ARM.Collect$$libinit$$00000013)
    __rt_lib_init_lc_numeric_1               0x0800016b   Thumb Code     0  libinit2.o(.ARM.Collect$$libinit$$00000015)
    __rt_lib_init_lc_time_1                  0x0800016b   Thumb Code     0  libinit2.o(.ARM.Collect$$libinit$$00000017)
    __rt_lib_init_rand_1                     0x0800016b   Thumb Code     0  libinit2.o(.ARM.Collect$$libinit$$0000000C)
    __rt_lib_init_return                     0x0800016b   Thumb Code     0  libinit2.o(.ARM.Collect$$libinit$$00000031)
    __rt_lib_init_signal_1                   0x0800016b   Thumb Code     0  libinit2.o(.ARM.Collect$$libinit$$0000001B)
    __rt_lib_init_stdio_1                    0x0800016b   Thumb Code     0  libinit2.o(.ARM.Collect$$libinit$$00000023)
    __rt_lib_init_user_alloc_1               0x0800016b   Thumb Code     0  libinit2.o(.ARM.Collect$$libinit$$0000000A)
    __rt_lib_shutdown                        0x0800016d   Thumb Code     0  libshutdown.o(.ARM.Collect$$libshutdown$$00000000)
    __rt_lib_shutdown_fp_trap_1              0x0800016f   Thumb Code     0  libshutdown2.o(.ARM.Collect$$libshutdown$$00000006)
    __rt_lib_shutdown_heap_1                 0x0800016f   Thumb Code     0  libshutdown2.o(.ARM.Collect$$libshutdown$$0000000E)
    __rt_lib_shutdown_return                 0x0800016f   Thumb Code     0  libshutdown2.o(.ARM.Collect$$libshutdown$$0000000F)
    __rt_lib_shutdown_signal_1               0x0800016f   Thumb Code     0  libshutdown2.o(.ARM.Collect$$libshutdown$$00000009)
    __rt_lib_shutdown_stdio_1                0x0800016f   Thumb Code     0  libshutdown2.o(.ARM.Collect$$libshutdown$$00000003)
    __rt_lib_shutdown_user_alloc_1           0x0800016f   Thumb Code     0  libshutdown2.o(.ARM.Collect$$libshutdown$$0000000B)
    __rt_entry                               0x08000171   Thumb Code     0  rtentry.o(.ARM.Collect$$rtentry$$00000000)
    __rt_entry_presh_1                       0x08000171   Thumb Code     0  rtentry2.o(.ARM.Collect$$rtentry$$00000002)
    __rt_entry_sh                            0x08000171   Thumb Code     0  rtentry4.o(.ARM.Collect$$rtentry$$00000004)
    __rt_entry_li                            0x08000177   Thumb Code     0  rtentry2.o(.ARM.Collect$$rtentry$$0000000A)
    __rt_entry_postsh_1                      0x08000177   Thumb Code     0  rtentry2.o(.ARM.Collect$$rtentry$$00000009)
    __rt_entry_main                          0x0800017b   Thumb Code     0  rtentry2.o(.ARM.Collect$$rtentry$$0000000D)
    __rt_entry_postli_1                      0x0800017b   Thumb Code     0  rtentry2.o(.ARM.Collect$$rtentry$$0000000C)
    __rt_exit                                0x08000183   Thumb Code     0  rtexit.o(.ARM.Collect$$rtexit$$00000000)
    __rt_exit_ls                             0x08000185   Thumb Code     0  rtexit2.o(.ARM.Collect$$rtexit$$00000003)
    __rt_exit_prels_1                        0x08000185   Thumb Code     0  rtexit2.o(.ARM.Collect$$rtexit$$00000002)
    __rt_exit_exit                           0x08000189   Thumb Code     0  rtexit2.o(.ARM.Collect$$rtexit$$00000004)
    SystemInit                               0x08000191   Thumb Code    64  system_stm32f10x.o(.text)
    _maybe_terminate_alloc                   0x08000191   Thumb Code     0  maybetermalloc1.o(.emb_text)
    SystemCoreClockUpdate                    0x080001d1   Thumb Code    86  system_stm32f10x.o(.text)
    GPIO_DeInit                              0x080002d1   Thumb Code   152  stm32f10x_gpio.o(.text)
    GPIO_AFIODeInit                          0x08000369   Thumb Code    22  stm32f10x_gpio.o(.text)
    GPIO_Init                                0x0800037f   Thumb Code   164  stm32f10x_gpio.o(.text)
    GPIO_StructInit                          0x08000423   Thumb Code    16  stm32f10x_gpio.o(.text)
    GPIO_ReadInputDataBit                    0x08000433   Thumb Code    14  stm32f10x_gpio.o(.text)
    GPIO_ReadInputData                       0x08000441   Thumb Code     6  stm32f10x_gpio.o(.text)
    GPIO_ReadOutputDataBit                   0x08000447   Thumb Code    14  stm32f10x_gpio.o(.text)
    GPIO_ReadOutputData                      0x08000455   Thumb Code     6  stm32f10x_gpio.o(.text)
    GPIO_SetBits                             0x0800045b   Thumb Code     4  stm32f10x_gpio.o(.text)
    GPIO_ResetBits                           0x0800045f   Thumb Code     4  stm32f10x_gpio.o(.text)
    GPIO_WriteBit                            0x08000463   Thumb Code    10  stm32f10x_gpio.o(.text)
    GPIO_Write                               0x0800046d   Thumb Code     4  stm32f10x_gpio.o(.text)
    GPIO_PinLockConfig                       0x08000471   Thumb Code    16  stm32f10x_gpio.o(.text)
    GPIO_EventOutputConfig                   0x08000481   Thumb Code    22  stm32f10x_gpio.o(.text)
    GPIO_EventOutputCmd                      0x08000497   Thumb Code     6  stm32f10x_gpio.o(.text)
    GPIO_PinRemapConfig                      0x0800049d   Thumb Code    82  stm32f10x_gpio.o(.text)
    GPIO_EXTILineConfig                      0x080004ef   Thumb Code    34  stm32f10x_gpio.o(.text)
    GPIO_ETH_MediaInterfaceConfig            0x08000511   Thumb Code     8  stm32f10x_gpio.o(.text)
    RCC_DeInit                               0x0800053d   Thumb Code    50  stm32f10x_rcc.o(.text)
    RCC_HSEConfig                            0x0800056f   Thumb Code    48  stm32f10x_rcc.o(.text)
    RCC_GetFlagStatus                        0x0800059f   Thumb Code    42  stm32f10x_rcc.o(.text)
    RCC_WaitForHSEStartUp                    0x080005c9   Thumb Code    38  stm32f10x_rcc.o(.text)
    RCC_AdjustHSICalibrationValue            0x080005ef   Thumb Code    16  stm32f10x_rcc.o(.text)
    RCC_HSICmd                               0x080005ff   Thumb Code     6  stm32f10x_rcc.o(.text)
    RCC_PLLConfig                            0x08000605   Thumb Code    16  stm32f10x_rcc.o(.text)
    RCC_PLLCmd                               0x08000615   Thumb Code     6  stm32f10x_rcc.o(.text)
    RCC_SYSCLKConfig                         0x0800061b   Thumb Code    14  stm32f10x_rcc.o(.text)
    RCC_GetSYSCLKSource                      0x08000629   Thumb Code    10  stm32f10x_rcc.o(.text)
    RCC_HCLKConfig                           0x08000633   Thumb Code    14  stm32f10x_rcc.o(.text)
    RCC_PCLK1Config                          0x08000641   Thumb Code    14  stm32f10x_rcc.o(.text)
    RCC_PCLK2Config                          0x0800064f   Thumb Code    16  stm32f10x_rcc.o(.text)
    RCC_ITConfig                             0x0800065f   Thumb Code    18  stm32f10x_rcc.o(.text)
    RCC_USBCLKConfig                         0x08000671   Thumb Code     8  stm32f10x_rcc.o(.text)
    RCC_ADCCLKConfig                         0x08000679   Thumb Code    14  stm32f10x_rcc.o(.text)
    RCC_LSEConfig                            0x08000687   Thumb Code    28  stm32f10x_rcc.o(.text)
    RCC_LSICmd                               0x080006a3   Thumb Code     6  stm32f10x_rcc.o(.text)
    RCC_RTCCLKConfig                         0x080006a9   Thumb Code    10  stm32f10x_rcc.o(.text)
    RCC_RTCCLKCmd                            0x080006b3   Thumb Code     8  stm32f10x_rcc.o(.text)
    RCC_GetClocksFreq                        0x080006bb   Thumb Code   138  stm32f10x_rcc.o(.text)
    RCC_AHBPeriphClockCmd                    0x08000745   Thumb Code    18  stm32f10x_rcc.o(.text)
    RCC_APB2PeriphClockCmd                   0x08000757   Thumb Code    18  stm32f10x_rcc.o(.text)
    RCC_APB1PeriphClockCmd                   0x08000769   Thumb Code    18  stm32f10x_rcc.o(.text)
    RCC_APB2PeriphResetCmd                   0x0800077b   Thumb Code    18  stm32f10x_rcc.o(.text)
    RCC_APB1PeriphResetCmd                   0x0800078d   Thumb Code    18  stm32f10x_rcc.o(.text)
    RCC_BackupResetCmd                       0x0800079f   Thumb Code     8  stm32f10x_rcc.o(.text)
    RCC_ClockSecuritySystemCmd               0x080007a7   Thumb Code     6  stm32f10x_rcc.o(.text)
    RCC_MCOConfig                            0x080007ad   Thumb Code     6  stm32f10x_rcc.o(.text)
    RCC_ClearFlag                            0x080007b3   Thumb Code    12  stm32f10x_rcc.o(.text)
    RCC_GetITStatus                          0x080007bf   Thumb Code    16  stm32f10x_rcc.o(.text)
    RCC_ClearITPendingBit                    0x080007cf   Thumb Code     6  stm32f10x_rcc.o(.text)
    SPI_I2S_DeInit                           0x080007f5   Thumb Code    72  stm32f10x_spi.o(.text)
    SPI_Init                                 0x0800083d   Thumb Code    56  stm32f10x_spi.o(.text)
    I2S_Init                                 0x08000875   Thumb Code   152  stm32f10x_spi.o(.text)
    SPI_StructInit                           0x0800090d   Thumb Code    24  stm32f10x_spi.o(.text)
    I2S_StructInit                           0x08000925   Thumb Code    18  stm32f10x_spi.o(.text)
    SPI_Cmd                                  0x08000937   Thumb Code    20  stm32f10x_spi.o(.text)
    I2S_Cmd                                  0x0800094b   Thumb Code    20  stm32f10x_spi.o(.text)
    SPI_I2S_ITConfig                         0x0800095f   Thumb Code    24  stm32f10x_spi.o(.text)
    SPI_I2S_DMACmd                           0x08000977   Thumb Code    16  stm32f10x_spi.o(.text)
    SPI_I2S_SendData                         0x08000987   Thumb Code     4  stm32f10x_spi.o(.text)
    SPI_I2S_ReceiveData                      0x0800098b   Thumb Code     4  stm32f10x_spi.o(.text)
    SPI_NSSInternalSoftwareConfig            0x0800098f   Thumb Code    24  stm32f10x_spi.o(.text)
    SPI_SSOutputCmd                          0x080009a7   Thumb Code    20  stm32f10x_spi.o(.text)
    SPI_DataSizeConfig                       0x080009bb   Thumb Code    16  stm32f10x_spi.o(.text)
    SPI_TransmitCRC                          0x080009cb   Thumb Code    10  stm32f10x_spi.o(.text)
    SPI_CalculateCRC                         0x080009d5   Thumb Code    20  stm32f10x_spi.o(.text)
    SPI_GetCRC                               0x080009e9   Thumb Code    12  stm32f10x_spi.o(.text)
    SPI_GetCRCPolynomial                     0x080009f5   Thumb Code     4  stm32f10x_spi.o(.text)
    SPI_BiDirectionalLineConfig              0x080009f9   Thumb Code    22  stm32f10x_spi.o(.text)
    SPI_I2S_GetFlagStatus                    0x08000a0f   Thumb Code    14  stm32f10x_spi.o(.text)
    SPI_I2S_ClearFlag                        0x08000a1d   Thumb Code     6  stm32f10x_spi.o(.text)
    SPI_I2S_GetITStatus                      0x08000a23   Thumb Code    42  stm32f10x_spi.o(.text)
    SPI_I2S_ClearITPendingBit                0x08000a4d   Thumb Code    14  stm32f10x_spi.o(.text)
    Reset_Handler                            0x08000a69   Thumb Code     8  startup_stm32f10x_md.o(.text)
    ADC1_2_IRQHandler                        0x08000a83   Thumb Code     0  startup_stm32f10x_md.o(.text)
    CAN1_RX1_IRQHandler                      0x08000a83   Thumb Code     0  startup_stm32f10x_md.o(.text)
    CAN1_SCE_IRQHandler                      0x08000a83   Thumb Code     0  startup_stm32f10x_md.o(.text)
    DMA1_Channel1_IRQHandler                 0x08000a83   Thumb Code     0  startup_stm32f10x_md.o(.text)
    DMA1_Channel2_IRQHandler                 0x08000a83   Thumb Code     0  startup_stm32f10x_md.o(.text)
    DMA1_Channel3_IRQHandler                 0x08000a83   Thumb Code     0  startup_stm32f10x_md.o(.text)
    DMA1_Channel4_IRQHandler                 0x08000a83   Thumb Code     0  startup_stm32f10x_md.o(.text)
    DMA1_Channel5_IRQHandler                 0x08000a83   Thumb Code     0  startup_stm32f10x_md.o(.text)
    DMA1_Channel6_IRQHandler                 0x08000a83   Thumb Code     0  startup_stm32f10x_md.o(.text)
    DMA1_Channel7_IRQHandler                 0x08000a83   Thumb Code     0  startup_stm32f10x_md.o(.text)
    EXTI0_IRQHandler                         0x08000a83   Thumb Code     0  startup_stm32f10x_md.o(.text)
    EXTI15_10_IRQHandler                     0x08000a83   Thumb Code     0  startup_stm32f10x_md.o(.text)
    EXTI1_IRQHandler                         0x08000a83   Thumb Code     0  startup_stm32f10x_md.o(.text)
    EXTI2_IRQHandler                         0x08000a83   Thumb Code     0  startup_stm32f10x_md.o(.text)
    EXTI3_IRQHandler                         0x08000a83   Thumb Code     0  startup_stm32f10x_md.o(.text)
    EXTI4_IRQHandler                         0x08000a83   Thumb Code     0  startup_stm32f10x_md.o(.text)
    EXTI9_5_IRQHandler                       0x08000a83   Thumb Code     0  startup_stm32f10x_md.o(.text)
    FLASH_IRQHandler                         0x08000a83   Thumb Code     0  startup_stm32f10x_md.o(.text)
    I2C1_ER_IRQHandler                       0x08000a83   Thumb Code     0  startup_stm32f10x_md.o(.text)
    I2C1_EV_IRQHandler                       0x08000a83   Thumb Code     0  startup_stm32f10x_md.o(.text)
    I2C2_ER_IRQHandler                       0x08000a83   Thumb Code     0  startup_stm32f10x_md.o(.text)
    I2C2_EV_IRQHandler                       0x08000a83   Thumb Code     0  startup_stm32f10x_md.o(.text)
    PVD_IRQHandler                           0x08000a83   Thumb Code     0  startup_stm32f10x_md.o(.text)
    RCC_IRQHandler                           0x08000a83   Thumb Code     0  startup_stm32f10x_md.o(.text)
    RTCAlarm_IRQHandler                      0x08000a83   Thumb Code     0  startup_stm32f10x_md.o(.text)
    RTC_IRQHandler                           0x08000a83   Thumb Code     0  startup_stm32f10x_md.o(.text)
    SPI1_IRQHandler                          0x08000a83   Thumb Code     0  startup_stm32f10x_md.o(.text)
    SPI2_IRQHandler                          0x08000a83   Thumb Code     0  startup_stm32f10x_md.o(.text)
    TAMPER_IRQHandler                        0x08000a83   Thumb Code     0  startup_stm32f10x_md.o(.text)
    TIM1_BRK_IRQHandler                      0x08000a83   Thumb Code     0  startup_stm32f10x_md.o(.text)
    TIM1_CC_IRQHandler                       0x08000a83   Thumb Code     0  startup_stm32f10x_md.o(.text)
    TIM1_TRG_COM_IRQHandler                  0x08000a83   Thumb Code     0  startup_stm32f10x_md.o(.text)
    TIM1_UP_IRQHandler                       0x08000a83   Thumb Code     0  startup_stm32f10x_md.o(.text)
    TIM2_IRQHandler                          0x08000a83   Thumb Code     0  startup_stm32f10x_md.o(.text)
    TIM3_IRQHandler                          0x08000a83   Thumb Code     0  startup_stm32f10x_md.o(.text)
    TIM4_IRQHandler                          0x08000a83   Thumb Code     0  startup_stm32f10x_md.o(.text)
    USART1_IRQHandler                        0x08000a83   Thumb Code     0  startup_stm32f10x_md.o(.text)
    USART2_IRQHandler                        0x08000a83   Thumb Code     0  startup_stm32f10x_md.o(.text)
    USART3_IRQHandler                        0x08000a83   Thumb Code     0  startup_stm32f10x_md.o(.text)
    USBWakeUp_IRQHandler                     0x08000a83   Thumb Code     0  startup_stm32f10x_md.o(.text)
    USB_HP_CAN1_TX_IRQHandler                0x08000a83   Thumb Code     0  startup_stm32f10x_md.o(.text)
    USB_LP_CAN1_RX0_IRQHandler               0x08000a83   Thumb Code     0  startup_stm32f10x_md.o(.text)
    WWDG_IRQHandler                          0x08000a83   Thumb Code     0  startup_stm32f10x_md.o(.text)
    __user_initial_stackheap                 0x08000a85   Thumb Code     0  startup_stm32f10x_md.o(.text)
    delay_init                               0x08000aa9   Thumb Code    38  delay.o(.text)
    delay_us                                 0x08000acf   Thumb Code    36  delay.o(.text)
    delay_ms                                 0x08000af3   Thumb Code    36  delay.o(.text)
    SPI2_ReadWriteByte                       0x08000b1d   Thumb Code    84  spi.o(.text)
    SPI2_Init                                0x08000b71   Thumb Code   186  spi.o(.text)
    SPI2_SetSpeed                            0x08000c2b   Thumb Code    32  spi.o(.text)
    pinMode                                  0x08000c55   Thumb Code    46  io.o(.text)
    SD_SPI_ReadWriteByte                     0x08000c85   Thumb Code     4  mmc_sd.o(.text)
    SD_SPI_SpeedLow                          0x08000c89   Thumb Code     6  mmc_sd.o(.text)
    SD_SPI_SpeedHigh                         0x08000c8f   Thumb Code     6  mmc_sd.o(.text)
    SD_SPI_CS                                0x08000c95   Thumb Code    20  mmc_sd.o(.text)
    SD_SPI_Init                              0x08000ca9   Thumb Code    14  mmc_sd.o(.text)
    SD_DisSelect                             0x08000cb7   Thumb Code    18  mmc_sd.o(.text)
    SD_WaitReady                             0x08000cc9   Thumb Code    32  mmc_sd.o(.text)
    SD_Select                                0x08000ce9   Thumb Code    24  mmc_sd.o(.text)
    SD_GetResponse                           0x08000d01   Thumb Code    40  mmc_sd.o(.text)
    SD_RecvData                              0x08000d29   Thumb Code    56  mmc_sd.o(.text)
    SD_SendBlock                             0x08000d61   Thumb Code    80  mmc_sd.o(.text)
    SD_SendCmd                               0x08000db1   Thumb Code    98  mmc_sd.o(.text)
    SD_GetCID                                0x08000e13   Thumb Code    42  mmc_sd.o(.text)
    SD_GetCSD                                0x08000e3d   Thumb Code    42  mmc_sd.o(.text)
    SD_GetSectorCount                        0x08000e67   Thumb Code   110  mmc_sd.o(.text)
    SD_Initialize                            0x08000ed5   Thumb Code   354  mmc_sd.o(.text)
    SD_ReadDisk                              0x08001037   Thumb Code   116  mmc_sd.o(.text)
    SD_WriteDisk                             0x080010ab   Thumb Code   124  mmc_sd.o(.text)
    SN76489_Initialize                       0x0800112d   Thumb Code     6  sn76489.o(.text)
    SN76489_Shutdown                         0x08001133   Thumb Code     2  sn76489.o(.text)
    SN76489_Reset                            0x08001135   Thumb Code     2  sn76489.o(.text)
    SN76489_WriteRegister                    0x08001137   Thumb Code     6  sn76489.o(.text)
    SN76489_ReadRegister                     0x0800113d   Thumb Code     4  sn76489.o(.text)
    SN76489_Update                           0x08001141   Thumb Code     2  sn76489.o(.text)
    YM2151_Initialize                        0x08001143   Thumb Code     6  ym2151.o(.text)
    YM2151_Shutdown                          0x08001149   Thumb Code     2  ym2151.o(.text)
    YM2151_Reset                             0x0800114b   Thumb Code     2  ym2151.o(.text)
    YM2151_WriteRegister                     0x0800114d   Thumb Code     8  ym2151.o(.text)
    YM2151_ReadRegister                      0x08001155   Thumb Code     4  ym2151.o(.text)
    YM2151_Update                            0x08001159   Thumb Code     2  ym2151.o(.text)
    YM2612_Initialize                        0x0800115b   Thumb Code     6  ym2612.o(.text)
    YM2612_Shutdown                          0x08001161   Thumb Code     2  ym2612.o(.text)
    YM2612_Reset                             0x08001163   Thumb Code     2  ym2612.o(.text)
    YM2612_WriteRegister                     0x08001165   Thumb Code     8  ym2612.o(.text)
    YM2612_ReadStatus                        0x0800116d   Thumb Code     4  ym2612.o(.text)
    YM2612_Update                            0x08001171   Thumb Code     2  ym2612.o(.text)
    VGMBoard_SetData                         0x08001175   Thumb Code   184  vgmboard.o(.text)
    VGMBoard_InitYMClock                     0x0800122d   Thumb Code    48  vgmboard.o(.text)
    VGMBoard_InitSNClock                     0x0800125d   Thumb Code    48  vgmboard.o(.text)
    VGMBoard_WriteYM2151                     0x0800128d   Thumb Code   166  vgmboard.o(.text)
    VGMBoard_WriteYM2612                     0x08001333   Thumb Code   122  vgmboard.o(.text)
    VGMBoard_WriteSN76489                    0x080013ad   Thumb Code    46  vgmboard.o(.text)
    VGMBoard_UpdateSamples                   0x080013db   Thumb Code    28  vgmboard.o(.text)
    VGMBoard_Initialize                      0x080013f7   Thumb Code   658  vgmboard.o(.text)
    VGMBoard_Shutdown                        0x08001689   Thumb Code     2  vgmboard.o(.text)
    VGMBoard_Reset                           0x0800168b   Thumb Code     2  vgmboard.o(.text)
    VGMBoard_Update                          0x0800168d   Thumb Code    30  vgmboard.o(.text)
    AudioDevice::AudioDevice()               0x080016c9   Thumb Code    24  audiodevice.o(.text)
    AudioDevice::AudioDevice__sub_object()   0x080016c9   Thumb Code     0  audiodevice.o(.text)
    AudioDevice::~AudioDevice()              0x080016e1   Thumb Code    20  audiodevice.o(.text)
    AudioDevice::~AudioDevice__sub_object()  0x080016e1   Thumb Code     0  audiodevice.o(.text)
    AudioDevice::open(int, int, int, int)    0x080016f5   Thumb Code     4  audiodevice.o(.text)
    AudioDevice::close()                     0x080016f9   Thumb Code     2  audiodevice.o(.text)
    AudioDevice::play()                      0x080016fb   Thumb Code     6  audiodevice.o(.text)
    AudioDevice::stop()                      0x08001701   Thumb Code     6  audiodevice.o(.text)
    AudioDevice::update()                    0x08001707   Thumb Code     6  audiodevice.o(.text)
    AudioDevice::queue(void*, int)           0x0800170d   Thumb Code     6  audiodevice.o(.text)
    AudioDevice::getQueued()                 0x08001713   Thumb Code     4  audiodevice.o(.text)
    AudioDevice::setVolume(float)            0x08001717   Thumb Code     6  audiodevice.o(.text)
    AudioDevice::getVolume()                 0x0800171d   Thumb Code     6  audiodevice.o(.text)
    AudioDevice::setPlayRate(float)          0x08001723   Thumb Code     6  audiodevice.o(.text)
    AudioDevice::getPlayRate()               0x08001729   Thumb Code     6  audiodevice.o(.text)
    AudioDevice::getDeviceState()            0x0800172f   Thumb Code     4  audiodevice.o(.text)
    Obserable::Obserable()                   0x08001733   Thumb Code    10  obserable.o(.text)
    Obserable::Obserable__sub_object()       0x08001733   Thumb Code     0  obserable.o(.text)
    Obserable::~Obserable()                  0x0800173d   Thumb Code    24  obserable.o(.text)
    Obserable::~Obserable__sub_object()      0x0800173d   Thumb Code     0  obserable.o(.text)
    Obserable::attach(Observer&)             0x08001755   Thumb Code    78  obserable.o(.text)
    Obserable::detach(Observer&)             0x080017a3   Thumb Code     2  obserable.o(.text)
    Obserable::notifySomething()             0x080017a5   Thumb Code    36  obserable.o(.text)
    Obserable::notifyOpen()                  0x080017c9   Thumb Code    36  obserable.o(.text)
    Obserable::notifyClose()                 0x080017ed   Thumb Code    36  obserable.o(.text)
    Obserable::notifyPlay()                  0x08001811   Thumb Code    36  obserable.o(.text)
    Obserable::notifyStop()                  0x08001835   Thumb Code    36  obserable.o(.text)
    Obserable::notifyPause()                 0x08001859   Thumb Code    36  obserable.o(.text)
    Obserable::notifyResume()                0x0800187d   Thumb Code    36  obserable.o(.text)
    Obserable::notifyUpdate()                0x080018a1   Thumb Code    36  obserable.o(.text)
    Observer::Observer__sub_object()         0x080018c5   Thumb Code     6  observer.o(.text)
    Observer::~Observer()                    0x080018cb   Thumb Code     0  observer.o(.text)
    Observer::~Observer__sub_object()        0x080018cb   Thumb Code     2  observer.o(.text)
    Platform::initialize()                   0x080018d1   Thumb Code    18  platform.o(.text)
    Platform::update()                       0x080018e3   Thumb Code    10  platform.o(.text)
    Platform::terminate()                    0x080018ed   Thumb Code     4  platform.o(.text)
    VGMData::VGMData__sub_object(int, int, int) 0x080018f1   Thumb Code    72  vgmdata.o(.text)
    VGMData::~VGMData()                      0x08001939   Thumb Code     0  vgmdata.o(.text)
    VGMData::~VGMData__sub_object()          0x08001939   Thumb Code    64  vgmdata.o(.text)
    VGMData::~VGMData__deallocating()        0x08001979   Thumb Code    14  vgmdata.o(.text)
    VGMData::getVersion()                    0x08001987   Thumb Code     4  vgmdata.o(.text)
    VGMData::open()                          0x0800198b   Thumb Code   154  vgmdata.o(.text)
    VGMData::close()                         0x08001a25   Thumb Code    44  vgmdata.o(.text)
    VGMData::play()                          0x08001a51   Thumb Code    12  vgmdata.o(.text)
    VGMData::stop()                          0x08001a5d   Thumb Code    12  vgmdata.o(.text)
    VGMData::pause()                         0x08001a69   Thumb Code    12  vgmdata.o(.text)
    VGMData::resume()                        0x08001a75   Thumb Code    12  vgmdata.o(.text)
    VGMData::handleEndOfSound()              0x08001a81   Thumb Code     2  vgmdata.o(.text)
    VGMData::handleK053260ROM(int, int, int) 0x08001a83   Thumb Code     2  vgmdata.o(.text)
    VGMData::handleDataBlocks()              0x08001a85   Thumb Code    60  vgmdata.o(.text)
    VGMData::update()                        0x08001ac1   Thumb Code   772  vgmdata.o(.text)
    VGMData::isPlaying()                     0x08001dc5   Thumb Code     6  vgmdata.o(.text)
    VGMData::isPaused()                      0x08001dcb   Thumb Code     6  vgmdata.o(.text)
    VGMData::requestUpdateData()             0x08001dd1   Thumb Code     8  vgmdata.o(.text)
    VGMData::getHeader() const               0x08001dd9   Thumb Code     4  vgmdata.o(.text)
    VGMData::getPlayInfo() const             0x08001ddd   Thumb Code     6  vgmdata.o(.text)
    VGMData::read(void*, unsigned)           0x08001de3   Thumb Code     6  vgmdata.o(.text)
    VGMData::seekSet(unsigned)               0x08001de9   Thumb Code     6  vgmdata.o(.text)
    VGMData::seekCur(unsigned)               0x08001def   Thumb Code     6  vgmdata.o(.text)
    VGMData::updateSamples(unsigned)         0x08001df5   Thumb Code     4  vgmdata.o(.text)
    VGMData::fillOutputBuffer()              0x08001df9   Thumb Code     2  vgmdata.o(.text)
    VGMDataObverser::VGMDataObverser__sub_object() 0x08001dfd   Thumb Code    12  vgmdataobverser.o(.text)
    VGMDataObverser::~VGMDataObverser()      0x08001e09   Thumb Code     0  vgmdataobverser.o(.text)
    VGMDataObverser::~VGMDataObverser__sub_object() 0x08001e09   Thumb Code     4  vgmdataobverser.o(.text)
    VGMFile::VGMFile(const char*, int, int, int) 0x08001e11   Thumb Code    80  vgmfile.o(.text)
    VGMFile::VGMFile__sub_object(const char*, int, int, int) 0x08001e11   Thumb Code     0  vgmfile.o(.text)
    VGMFile::~VGMFile()                      0x08001e61   Thumb Code    60  vgmfile.o(.text)
    VGMFile::~VGMFile__sub_object()          0x08001e61   Thumb Code     0  vgmfile.o(.text)
    VGMFile::~VGMFile__deallocating()        0x08001e9d   Thumb Code    14  vgmfile.o(.text)
    VGMFile::onOpen()                        0x08001eab   Thumb Code    80  vgmfile.o(.text)
    VGMFile::onClose()                       0x08001efb   Thumb Code    42  vgmfile.o(.text)
    VGMFile::onPlay()                        0x08001f25   Thumb Code     2  vgmfile.o(.text)
    VGMFile::onStop()                        0x08001f27   Thumb Code     2  vgmfile.o(.text)
    VGMFile::onPause()                       0x08001f29   Thumb Code     2  vgmfile.o(.text)
    VGMFile::onResume()                      0x08001f2b   Thumb Code     2  vgmfile.o(.text)
    VGMFile::onUpdate()                      0x08001f2d   Thumb Code     4  vgmfile.o(.text)
    VGMFile::onRead(void*, unsigned)         0x08001f31   Thumb Code    34  vgmfile.o(.text)
    VGMFile::onSeekSet(unsigned)             0x08001f53   Thumb Code    32  vgmfile.o(.text)
    VGMFile::onSeekCur(unsigned)             0x08001f73   Thumb Code    36  vgmfile.o(.text)
    VGMAudioPlayer::VGMAudioPlayer()         0x08001fad   Thumb Code    18  vgmaudioplayer.o(.text)
    VGMAudioPlayer::VGMAudioPlayer__sub_object() 0x08001fad   Thumb Code     0  vgmaudioplayer.o(.text)
    VGMAudioPlayer::~VGMAudioPlayer()        0x08001fbf   Thumb Code    20  vgmaudioplayer.o(.text)
    VGMAudioPlayer::~VGMAudioPlayer__sub_object() 0x08001fbf   Thumb Code     0  vgmaudioplayer.o(.text)
    VGMAudioPlayer::~VGMAudioPlayer__deallocating() 0x08001fd3   Thumb Code    14  vgmaudioplayer.o(.text)
    VGMAudioPlayer::getQueued()              0x08001fe1   Thumb Code     6  vgmaudioplayer.o(.text)
    VGMAudioPlayer::onNotifySomething(Obserable&) 0x08001fe7   Thumb Code     2  vgmaudioplayer.o(.text)
    VGMAudioPlayer::onNotifyOpen(Obserable&) 0x08001fe9   Thumb Code     2  vgmaudioplayer.o(.text)
    VGMAudioPlayer::onNotifyClose(Obserable&) 0x08001feb   Thumb Code     2  vgmaudioplayer.o(.text)
    VGMAudioPlayer::onNotifyPlay(Obserable&) 0x08001fed   Thumb Code     2  vgmaudioplayer.o(.text)
    VGMAudioPlayer::onNotifyStop(Obserable&) 0x08001fef   Thumb Code     2  vgmaudioplayer.o(.text)
    VGMAudioPlayer::onNotifyPause(Obserable&) 0x08001ff1   Thumb Code     2  vgmaudioplayer.o(.text)
    VGMAudioPlayer::onNotifyResume(Obserable&) 0x08001ff3   Thumb Code     2  vgmaudioplayer.o(.text)
    VGMAudioPlayer::onNotifyUpdate(Obserable&) 0x08001ff5   Thumb Code     2  vgmaudioplayer.o(.text)
    getNextMusic()                           0x08001ffd   Thumb Code   234  main.o(.text)
    main                                     0x080020e7   Thumb Code   142  main.o(.text)
    NMI_Handler                              0x0800234d   Thumb Code     2  stm32f10x_it.o(.text)
    HardFault_Handler                        0x0800234f   Thumb Code     2  stm32f10x_it.o(.text)
    MemManage_Handler                        0x08002351   Thumb Code     2  stm32f10x_it.o(.text)
    BusFault_Handler                         0x08002353   Thumb Code     2  stm32f10x_it.o(.text)
    UsageFault_Handler                       0x08002355   Thumb Code     2  stm32f10x_it.o(.text)
    SVC_Handler                              0x08002357   Thumb Code     2  stm32f10x_it.o(.text)
    DebugMon_Handler                         0x08002359   Thumb Code     2  stm32f10x_it.o(.text)
    PendSV_Handler                           0x0800235b   Thumb Code     2  stm32f10x_it.o(.text)
    SysTick_Handler                          0x0800235d   Thumb Code     2  stm32f10x_it.o(.text)
    disk_initialize                          0x0800235f   Thumb Code    20  diskio.o(.text)
    disk_status                              0x08002373   Thumb Code    20  diskio.o(.text)
    disk_read                                0x08002387   Thumb Code    36  diskio.o(.text)
    disk_write                               0x080023ab   Thumb Code    26  diskio.o(.text)
    disk_ioctl                               0x080023c5   Thumb Code    44  diskio.o(.text)
    get_fattime                              0x080023f1   Thumb Code     4  diskio.o(.text)
    ff_memalloc                              0x080023f5   Thumb Code     4  diskio.o(.text)
    ff_memfree                               0x080023f9   Thumb Code     4  diskio.o(.text)
    clust2sect                               0x0800252b   Thumb Code    24  ff.o(.text)
    get_fat                                  0x08002543   Thumb Code   180  ff.o(.text)
    put_fat                                  0x080025f7   Thumb Code   248  ff.o(.text)
    f_mount                                  0x0800339d   Thumb Code    72  ff.o(.text)
    f_open                                   0x080033e5   Thumb Code   364  ff.o(.text)
    f_read                                   0x08003551   Thumb Code   296  ff.o(.text)
    f_write                                  0x08003679   Thumb Code   384  ff.o(.text)
    f_sync                                   0x080037f9   Thumb Code   120  ff.o(.text)
    f_close                                  0x08003871   Thumb Code    28  ff.o(.text)
    f_lseek                                  0x0800388d   Thumb Code   420  ff.o(.text)
    f_opendir                                0x08003a31   Thumb Code   128  ff.o(.text)
    f_closedir                               0x08003ab1   Thumb Code    18  ff.o(.text)
    f_readdir                                0x08003ac3   Thumb Code   116  ff.o(.text)
    f_stat                                   0x08003b37   Thumb Code    86  ff.o(.text)
    f_getfree                                0x08003b8d   Thumb Code   192  ff.o(.text)
    f_truncate                               0x08003c4d   Thumb Code   138  ff.o(.text)
    f_unlink                                 0x08003cd7   Thumb Code   188  ff.o(.text)
    f_mkdir                                  0x08003d93   Thumb Code   378  ff.o(.text)
    f_chmod                                  0x08003f0d   Thumb Code   106  ff.o(.text)
    f_utime                                  0x08003f77   Thumb Code   108  ff.o(.text)
    f_rename                                 0x08003fe3   Thumb Code   292  ff.o(.text)
    f_getlabel                               0x08004107   Thumb Code   148  ff.o(.text)
    f_setlabel                               0x0800419b   Thumb Code   306  ff.o(.text)
    f_mkfs                                   0x080042cd   Thumb Code  1258  ff.o(.text)
    f_gets                                   0x080047b7   Thumb Code    68  ff.o(.text)
    f_putc                                   0x08004835   Thumb Code    60  ff.o(.text)
    f_puts                                   0x08004871   Thumb Code    70  ff.o(.text)
    f_printf                                 0x080048b7   Thumb Code   508  ff.o(.text)
    ff_convert                               0x08004ba9   Thumb Code    50  unicode.o(.text)
    ff_wtoupper                              0x08004bdb   Thumb Code    28  unicode.o(.text)
    mymemcpy                                 0x08004c05   Thumb Code    18  malloc.o(.text)
    mymemset                                 0x08004c17   Thumb Code    12  malloc.o(.text)
    mem_init                                 0x08004c23   Thumb Code    34  malloc.o(.text)
    mem_perused                              0x08004c45   Thumb Code    42  malloc.o(.text)
    mem_malloc                               0x08004c6f   Thumb Code    90  malloc.o(.text)
    mem_free                                 0x08004cc9   Thumb Code    56  malloc.o(.text)
    myfree                                   0x08004d01   Thumb Code    14  malloc.o(.text)
    mymalloc                                 0x08004d0f   Thumb Code    22  malloc.o(.text)
    myrealloc                                0x08004d25   Thumb Code    48  malloc.o(.text)
    abort                                    0x08004d59   Thumb Code    16  abort.o(.text)
    strstr                                   0x08004d69   Thumb Code    36  strstr.o(.text)
    __aeabi_memcpy4                          0x08004d8d   Thumb Code     0  rt_memcpy_w.o(.text)
    __aeabi_memcpy8                          0x08004d8d   Thumb Code     0  rt_memcpy_w.o(.text)
    __rt_memcpy_w                            0x08004d8d   Thumb Code   100  rt_memcpy_w.o(.text)
    _memcpy_lastbytes_aligned                0x08004dd5   Thumb Code     0  rt_memcpy_w.o(.text)
    __aeabi_memclr4                          0x08004df1   Thumb Code     0  rt_memclr_w.o(.text)
    __aeabi_memclr8                          0x08004df1   Thumb Code     0  rt_memclr_w.o(.text)
    __rt_memclr_w                            0x08004df1   Thumb Code    78  rt_memclr_w.o(.text)
    _memset_w                                0x08004df5   Thumb Code     0  rt_memclr_w.o(.text)
    strncpy                                  0x08004e3f   Thumb Code    86  strncpy.o(.text)
    __use_two_region_memory                  0x08004e95   Thumb Code     2  heapauxi.o(.text)
    __rt_heap_escrow                         0x08004e97   Thumb Code     2  heapauxi.o(.text)
    __rt_heap_expand                         0x08004e99   Thumb Code     2  heapauxi.o(.text)
    _sys_exit                                0x08004e9d   Thumb Code     8  sys_exit.o(.text)
    __rt_new_handler_addr                    0x08004ea9   Thumb Code     8  rt_new_handler_addr_intlibspace.o(.text)
    malloc                                   0x08004eb1   Thumb Code    94  h1_alloc.o(.text)
    free                                     0x08004f0f   Thumb Code    78  h1_free.o(.text)
    __rt_SIGABRT                             0x08004f5d   Thumb Code    14  defsig_abrt_outer.o(.text)
    __rt_SIGPVFN                             0x08004f6b   Thumb Code    14  defsig_pvfn_outer.o(.text)
    __aeabi_memclr                           0x08004f79   Thumb Code     0  rt_memclr.o(.text)
    __rt_memclr                              0x08004f79   Thumb Code    68  rt_memclr.o(.text)
    _memset                                  0x08004f7d   Thumb Code     0  rt_memclr.o(.text)
    __default_new_handler()                  0x08004fbd   Thumb Code     4  arm_newhandler_noexceptions.o(.text)
    __user_libspace                          0x08004fc1   Thumb Code     8  libspace.o(.text)
    __user_perproc_libspace                  0x08004fc1   Thumb Code     0  libspace.o(.text)
    __user_perthread_libspace                0x08004fc1   Thumb Code     0  libspace.o(.text)
    __I$use$semihosting                      0x08004fc9   Thumb Code     0  use_no_semi.o(.text)
    __use_no_semihosting_swi                 0x08004fc9   Thumb Code     2  use_no_semi.o(.text)
    __semihosting_library_function           0x08004fcb   Thumb Code     0  indicate_semi.o(.text)
    __rt_heap_descriptor                     0x08004fcd   Thumb Code     8  rt_heap_descriptor_intlibspace.o(.text)
    __use_no_heap                            0x08004fd5   Thumb Code     2  hguard.o(.text)
    __heap$guard                             0x08004fd7   Thumb Code     2  hguard.o(.text)
    _terminate_user_alloc                    0x08004fd9   Thumb Code     2  init_alloc.o(.text)
    _init_user_alloc                         0x08004fdb   Thumb Code     2  init_alloc.o(.text)
    __Heap_Full                              0x08004fdd   Thumb Code    34  init_alloc.o(.text)
    __Heap_Broken                            0x08004fff   Thumb Code     6  init_alloc.o(.text)
    _init_alloc                              0x08005005   Thumb Code    94  init_alloc.o(.text)
    __Heap_Initialize                        0x08005063   Thumb Code    10  h1_init.o(.text)
    __Heap_DescSize                          0x0800506d   Thumb Code     4  h1_init.o(.text)
    __sig_exit                               0x08005071   Thumb Code    10  defsig_exit.o(.text)
    __rt_SIGABRT_inner                       0x0800507d   Thumb Code    14  defsig_abrt_inner.o(.text)
    __rt_SIGPVFN_inner                       0x080050ad   Thumb Code    14  defsig_pvfn_inner.o(.text)
    __cxa_get_globals                        0x080050e1   Thumb Code    62  arm_exceptions_globs.o(.text)
    std::terminate()                         0x0800512d   Thumb Code    26  arm_exceptions_terminate.o(.text)
    __user_setup_stackheap                   0x08005147   Thumb Code    74  sys_stackheap_outer.o(.text)
    __rt_eh_globals_addr                     0x08005191   Thumb Code     8  rt_eh_globals_addr_intlibspace.o(.text)
    __Heap_ProvideMemory                     0x08005199   Thumb Code    52  h1_extend.o(.text)
    exit                                     0x080051cd   Thumb Code    12  exit.o(.text)
    __default_signal_display                 0x080051d9   Thumb Code    50  defsig_general.o(.text)
    __rt_SIGRTMEM                            0x0800520b   Thumb Code    14  defsig_rtmem_outer.o(.text)
    __ARM_exceptions_buffer_init             0x08005219   Thumb Code    18  arm_exceptions_mem.o(.text)
    __ARM_exceptions_buffer_allocate         0x0800522b   Thumb Code    22  arm_exceptions_mem.o(.text)
    __ARM_exceptions_buffer_free             0x08005241   Thumb Code    20  arm_exceptions_mem.o(.text)
    _ttywrch                                 0x08005255   Thumb Code    14  sys_wrch.o(.text)
    __rt_SIGRTMEM_inner                      0x08005265   Thumb Code    22  defsig_rtmem_inner.o(.text)
    __rw::__rw_deallocate(void*, unsigned, int) 0x080052b5   Thumb Code     4  rwalloc.o(i._ZN4__rw15__rw_deallocateEPvji)
    operator delete[] (void*)                0x080052b9   Thumb Code     8  array_del.o(i._ZdaPv)
    operator delete (void*)                  0x080052c1   Thumb Code     8  delete.o(i._ZdlPv)
    operator new[] (unsigned)                0x080052c9   Thumb Code     8  array_new.o(i._Znaj)
    operator new(unsigned)                   0x080052d1   Thumb Code    34  new.o(i._Znwj)
    __cxa_pure_virtual                       0x080052f9   Thumb Code     6  pure_virt.o(i.__cxa_pure_virtual)
    Vector<Observer*>::operator [](unsigned) 0x080052ff   Thumb Code    18  obserable.o(t._ZN6VectorIP8ObserverEixEj)
    std::vector<int, std::allocator<int>>::vector(const std::allocator<int>&) 0x08005311   Thumb Code    10  vgmdata.o(t._ZNSt6vectorIiSaIiEEC1ERKS0_)
    std::vector<int, std::allocator<int>>::vector__sub_object(const std::allocator<int>&) 0x08005311   Thumb Code     0  vgmdata.o(t._ZNSt6vectorIiSaIiEEC1ERKS0_)
    std::vector<int, std::allocator<int>>::~vector() 0x0800531b   Thumb Code    34  vgmdata.o(t._ZNSt6vectorIiSaIiEED1Ev)
    std::vector<int, std::allocator<int>>::~vector__sub_object() 0x0800531b   Thumb Code     0  vgmdata.o(t._ZNSt6vectorIiSaIiEED1Ev)
    __aeabi_d2uiz                            0x0800533d   Thumb Code     0  dfixu.o(x$fpl$dfixu)
    _dfixu                                   0x0800533d   Thumb Code    90  dfixu.o(x$fpl$dfixu)
    __aeabi_ui2d                             0x08005397   Thumb Code     0  dflt_clz.o(x$fpl$dfltu)
    _dfltu                                   0x08005397   Thumb Code    38  dflt_clz.o(x$fpl$dfltu)
    __aeabi_dmul                             0x080053bd   Thumb Code     0  dmul.o(x$fpl$dmul)
    _dmul                                    0x080053bd   Thumb Code   332  dmul.o(x$fpl$dmul)
    __fpl_dnaninf                            0x08005511   Thumb Code   156  dnaninf.o(x$fpl$dnaninf)
    __fpl_dretinf                            0x080055ad   Thumb Code    12  dretinf.o(x$fpl$dretinf)
    PORT_A0                                  0x080055b8   Data          12  io.o(.constdata)
    __I$use$fp                               0x080055b8   Number         0  usenofp.o(x$fpl$usenofp)
    PORT_A1                                  0x080055c4   Data          12  io.o(.constdata)
    PORT_A2                                  0x080055d0   Data          12  io.o(.constdata)
    PORT_A3                                  0x080055dc   Data          12  io.o(.constdata)
    PORT_A4                                  0x080055e8   Data          12  io.o(.constdata)
    PORT_A5                                  0x080055f4   Data          12  io.o(.constdata)
    PORT_A6                                  0x08005600   Data          12  io.o(.constdata)
    PORT_A7                                  0x0800560c   Data          12  io.o(.constdata)
    PORT_A8                                  0x08005618   Data          12  io.o(.constdata)
    PORT_A9                                  0x08005624   Data          12  io.o(.constdata)
    PORT_A10                                 0x08005630   Data          12  io.o(.constdata)
    PORT_A11                                 0x0800563c   Data          12  io.o(.constdata)
    PORT_A12                                 0x08005648   Data          12  io.o(.constdata)
    PORT_A15                                 0x08005654   Data          12  io.o(.constdata)
    PORT_B0                                  0x08005660   Data          12  io.o(.constdata)
    PORT_B1                                  0x0800566c   Data          12  io.o(.constdata)
    PORT_B3                                  0x08005678   Data          12  io.o(.constdata)
    PORT_B4                                  0x08005684   Data          12  io.o(.constdata)
    PORT_B5                                  0x08005690   Data          12  io.o(.constdata)
    PORT_B6                                  0x0800569c   Data          12  io.o(.constdata)
    PORT_B7                                  0x080056a8   Data          12  io.o(.constdata)
    PORT_B8                                  0x080056b4   Data          12  io.o(.constdata)
    PORT_B9                                  0x080056c0   Data          12  io.o(.constdata)
    PORT_B10                                 0x080056cc   Data          12  io.o(.constdata)
    PORT_B11                                 0x080056d8   Data          12  io.o(.constdata)
    PORT_B12                                 0x080056e4   Data          12  io.o(.constdata)
    vtable for VGMAudioPlayer                0x08006418   Data          48  vgmaudioplayer.o(.constdata__ZTV14VGMAudioPlayer)
    vtable for VGMDataObverser               0x08006448   Data          40  vgmdataobverser.o(.constdata__ZTV15VGMDataObverser)
    vtable for VGMData                       0x08006470   Data          68  vgmdata.o(.constdata__ZTV7VGMData)
    vtable for VGMFile                       0x080064b4   Data          68  vgmfile.o(.constdata__ZTV7VGMFile)
    vtable for Observer                      0x080064f8   Data          40  observer.o(.constdata__ZTV8Observer)
    Region$$Table$$Base                      0x08006520   Number         0  anon$$obj.o(Region$$Table)
    Region$$Table$$Limit                     0x08006540   Number         0  anon$$obj.o(Region$$Table)
    SystemCoreClock                          0x20000000   Data           4  system_stm32f10x.o(.data)
    AHBPrescTable                            0x20000004   Data          16  system_stm32f10x.o(.data)
    SD_Type                                  0x2000002c   Data           1  mmc_sd.o(.data)
    mallco_dev                               0x20000040   Data          20  malloc.o(.data)
    fs                                       0x20000054   Data         560  vgmboard.o(.bss)
    membase                                  0x20000284   Data       10240  malloc.o(.bss)
    memmapbase                               0x20002a84   Data         640  malloc.o(.bss)
    __libspace_start                         0x20002d04   Data          96  libspace.o(.bss)
    __temporary_stack_top$libspace           0x20002d64   Data           0  libspace.o(.bss)



==============================================================================

Memory Map of the image

  Image Entry point : 0x080000ed

  Load Region LR_IROM1 (Base: 0x08000000, Size: 0x00006594, Max: 0x00010000, ABSOLUTE)

    Execution Region ER_IROM1 (Base: 0x08000000, Size: 0x00006540, Max: 0x00010000, ABSOLUTE)

    Base Addr    Size         Type   Attr      Idx    E Section Name        Object

    0x08000000   0x000000ec   Data   RO          138    RESET               startup_stm32f10x_md.o
    0x080000ec   0x00000008   Code   RO         1197  * !!!main             c_w.l(__main.o)
    0x080000f4   0x00000034   Code   RO         3035    !!!scatter          c_w.l(__scatter.o)
    0x08000128   0x0000001a   Code   RO         3037    !!handler_copy      c_w.l(__scatter_copy.o)
    0x08000142   0x00000002   PAD
    0x08000144   0x0000001c   Code   RO         3039    !!handler_zi        c_w.l(__scatter_zi.o)
    0x08000160   0x00000002   Code   RO         2543    .ARM.Collect$$libinit$$00000000  c_w.l(libinit.o)
    0x08000162   0x00000000   Code   RO         1811    .ARM.Collect$$libinit$$00000002  c_w.l(libinit2.o)
    0x08000162   0x00000008   Code   RO         1812    .ARM.Collect$$libinit$$00000003  c_w.l(libinit2.o)
    0x0800016a   0x00000000   Code   RO         1814    .ARM.Collect$$libinit$$00000008  c_w.l(libinit2.o)
    0x0800016a   0x00000000   Code   RO         1816    .ARM.Collect$$libinit$$0000000A  c_w.l(libinit2.o)
    0x0800016a   0x00000000   Code   RO         1818    .ARM.Collect$$libinit$$0000000C  c_w.l(libinit2.o)
    0x0800016a   0x00000000   Code   RO         1821    .ARM.Collect$$libinit$$0000000F  c_w.l(libinit2.o)
    0x0800016a   0x00000000   Code   RO         1823    .ARM.Collect$$libinit$$00000011  c_w.l(libinit2.o)
    0x0800016a   0x00000000   Code   RO         1825    .ARM.Collect$$libinit$$00000013  c_w.l(libinit2.o)
    0x0800016a   0x00000000   Code   RO         1827    .ARM.Collect$$libinit$$00000015  c_w.l(libinit2.o)
    0x0800016a   0x00000000   Code   RO         1829    .ARM.Collect$$libinit$$00000017  c_w.l(libinit2.o)
    0x0800016a   0x00000000   Code   RO         1831    .ARM.Collect$$libinit$$00000019  c_w.l(libinit2.o)
    0x0800016a   0x00000000   Code   RO         1833    .ARM.Collect$$libinit$$0000001B  c_w.l(libinit2.o)
    0x0800016a   0x00000000   Code   RO         1835    .ARM.Collect$$libinit$$0000001D  c_w.l(libinit2.o)
    0x0800016a   0x00000000   Code   RO         1837    .ARM.Collect$$libinit$$0000001F  c_w.l(libinit2.o)
    0x0800016a   0x00000000   Code   RO         1839    .ARM.Collect$$libinit$$00000021  c_w.l(libinit2.o)
    0x0800016a   0x00000000   Code   RO         1841    .ARM.Collect$$libinit$$00000023  c_w.l(libinit2.o)
    0x0800016a   0x00000000   Code   RO         1845    .ARM.Collect$$libinit$$0000002A  c_w.l(libinit2.o)
    0x0800016a   0x00000000   Code   RO         1847    .ARM.Collect$$libinit$$0000002C  c_w.l(libinit2.o)
    0x0800016a   0x00000000   Code   RO         1849    .ARM.Collect$$libinit$$0000002E  c_w.l(libinit2.o)
    0x0800016a   0x00000000   Code   RO         1851    .ARM.Collect$$libinit$$00000030  c_w.l(libinit2.o)
    0x0800016a   0x00000002   Code   RO         1852    .ARM.Collect$$libinit$$00000031  c_w.l(libinit2.o)
    0x0800016c   0x00000002   Code   RO         2987    .ARM.Collect$$libshutdown$$00000000  c_w.l(libshutdown.o)
    0x0800016e   0x00000000   Code   RO         2804    .ARM.Collect$$libshutdown$$00000003  c_w.l(libshutdown2.o)
    0x0800016e   0x00000000   Code   RO         2807    .ARM.Collect$$libshutdown$$00000006  c_w.l(libshutdown2.o)
    0x0800016e   0x00000000   Code   RO         2810    .ARM.Collect$$libshutdown$$00000009  c_w.l(libshutdown2.o)
    0x0800016e   0x00000000   Code   RO         2812    .ARM.Collect$$libshutdown$$0000000B  c_w.l(libshutdown2.o)
    0x0800016e   0x00000000   Code   RO         2815    .ARM.Collect$$libshutdown$$0000000E  c_w.l(libshutdown2.o)
    0x0800016e   0x00000002   Code   RO         2816    .ARM.Collect$$libshutdown$$0000000F  c_w.l(libshutdown2.o)
    0x08000170   0x00000000   Code   RO         1479    .ARM.Collect$$rtentry$$00000000  c_w.l(rtentry.o)
    0x08000170   0x00000000   Code   RO         1739    .ARM.Collect$$rtentry$$00000002  c_w.l(rtentry2.o)
    0x08000170   0x00000006   Code   RO         1751    .ARM.Collect$$rtentry$$00000004  c_w.l(rtentry4.o)
    0x08000176   0x00000000   Code   RO         1741    .ARM.Collect$$rtentry$$00000009  c_w.l(rtentry2.o)
    0x08000176   0x00000004   Code   RO         1742    .ARM.Collect$$rtentry$$0000000A  c_w.l(rtentry2.o)
    0x0800017a   0x00000000   Code   RO         1744    .ARM.Collect$$rtentry$$0000000C  c_w.l(rtentry2.o)
    0x0800017a   0x00000008   Code   RO         1745    .ARM.Collect$$rtentry$$0000000D  c_w.l(rtentry2.o)
    0x08000182   0x00000002   Code   RO         2685    .ARM.Collect$$rtexit$$00000000  c_w.l(rtexit.o)
    0x08000184   0x00000000   Code   RO         2840    .ARM.Collect$$rtexit$$00000002  c_w.l(rtexit2.o)
    0x08000184   0x00000004   Code   RO         2841    .ARM.Collect$$rtexit$$00000003  c_w.l(rtexit2.o)
    0x08000188   0x00000006   Code   RO         2842    .ARM.Collect$$rtexit$$00000004  c_w.l(rtexit2.o)
    0x0800018e   0x00000002   PAD
    0x08000190   0x00000000   Code   RO         2379    .emb_text           c_w.l(maybetermalloc1.o)
    0x08000190   0x00000140   Code   RO            1    .text               system_stm32f10x.o
    0x080002d0   0x0000026c   Code   RO           80    .text               stm32f10x_gpio.o
    0x0800053c   0x000002b8   Code   RO           92    .text               stm32f10x_rcc.o
    0x080007f4   0x00000274   Code   RO          106    .text               stm32f10x_spi.o
    0x08000a68   0x00000040   Code   RO          139    .text               startup_stm32f10x_md.o
    0x08000aa8   0x00000074   Code   RO          143    .text               delay.o
    0x08000b1c   0x00000138   Code   RO          163    .text               spi.o
    0x08000c54   0x0000002e   Code   RO          195    .text               io.o
    0x08000c82   0x00000002   PAD
    0x08000c84   0x000004a8   Code   RO          250    .text               mmc_sd.o
    0x0800112c   0x00000016   Code   RO          272    .text               sn76489.o
    0x08001142   0x00000018   Code   RO          299    .text               ym2151.o
    0x0800115a   0x00000018   Code   RO          314    .text               ym2612.o
    0x08001172   0x00000002   PAD
    0x08001174   0x00000554   Code   RO          329    .text               vgmboard.o
    0x080016c8   0x0000006a   Code   RO          414    .text               audiodevice.o
    0x08001732   0x00000192   Code   RO          432    .text               obserable.o
    0x080018c4   0x0000000c   Code   RO          471    .text               observer.o
    0x080018d0   0x00000020   Code   RO          490    .text               platform.o
    0x080018f0   0x0000050a   Code   RO          508    .text               vgmdata.o
    0x08001dfa   0x00000002   PAD
    0x08001dfc   0x00000014   Code   RO          746    .text               vgmdataobverser.o
    0x08001e10   0x0000019c   Code   RO          771    .text               vgmfile.o
    0x08001fac   0x00000050   Code   RO          969    .text               vgmaudioplayer.o
    0x08001ffc   0x00000350   Code   RO          991    .text               main.o
    0x0800234c   0x00000012   Code   RO         1080    .text               stm32f10x_it.o
    0x0800235e   0x0000009e   Code   RO         1095    .text               diskio.o
    0x080023fc   0x000027ac   Code   RO         1117    .text               ff.o
    0x08004ba8   0x0000005c   Code   RO         1142    .text               unicode.o
    0x08004c04   0x00000154   Code   RO         1159    .text               malloc.o
    0x08004d58   0x00000010   Code   RO         1185    .text               c_w.l(abort.o)
    0x08004d68   0x00000024   Code   RO         1187    .text               c_w.l(strstr.o)
    0x08004d8c   0x00000064   Code   RO         1189    .text               c_w.l(rt_memcpy_w.o)
    0x08004df0   0x0000004e   Code   RO         1191    .text               c_w.l(rt_memclr_w.o)
    0x08004e3e   0x00000056   Code   RO         1193    .text               c_w.l(strncpy.o)
    0x08004e94   0x00000006   Code   RO         1195    .text               c_w.l(heapauxi.o)
    0x08004e9a   0x00000002   PAD
    0x08004e9c   0x0000000c   Code   RO         1477    .text               c_w.l(sys_exit.o)
    0x08004ea8   0x00000008   Code   RO         1483    .text               c_w.l(rt_new_handler_addr_intlibspace.o)
    0x08004eb0   0x0000005e   Code   RO         1489    .text               c_w.l(h1_alloc.o)
    0x08004f0e   0x0000004e   Code   RO         1491    .text               c_w.l(h1_free.o)
    0x08004f5c   0x0000000e   Code   RO         1547    .text               c_w.l(defsig_abrt_outer.o)
    0x08004f6a   0x0000000e   Code   RO         1551    .text               c_w.l(defsig_pvfn_outer.o)
    0x08004f78   0x00000044   Code   RO         1559    .text               c_w.l(rt_memclr.o)
    0x08004fbc   0x00000004   Code   RO         1700    .text               cpprt_w.l(arm_newhandler_noexceptions.o)
    0x08004fc0   0x00000008   Code   RO         1730    .text               c_w.l(libspace.o)
    0x08004fc8   0x00000002   Code   RO         1733    .text               c_w.l(use_no_semi.o)
    0x08004fca   0x00000000   Code   RO         1737    .text               c_w.l(indicate_semi.o)
    0x08004fca   0x00000002   PAD
    0x08004fcc   0x00000008   Code   RO         1758    .text               c_w.l(rt_heap_descriptor_intlibspace.o)
    0x08004fd4   0x00000004   Code   RO         1760    .text               c_w.l(hguard.o)
    0x08004fd8   0x0000008a   Code   RO         1762    .text               c_w.l(init_alloc.o)
    0x08005062   0x0000000e   Code   RO         1766    .text               c_w.l(h1_init.o)
    0x08005070   0x0000000a   Code   RO         1792    .text               c_w.l(defsig_exit.o)
    0x0800507a   0x00000002   PAD
    0x0800507c   0x00000030   Code   RO         1794    .text               c_w.l(defsig_abrt_inner.o)
    0x080050ac   0x00000030   Code   RO         1796    .text               c_w.l(defsig_pvfn_inner.o)
    0x080050dc   0x00000050   Code   RO         2340    .text               cpprt_w.l(arm_exceptions_globs.o)
    0x0800512c   0x0000001a   Code   RO         2347    .text               cpprt_w.l(arm_exceptions_terminate.o)
    0x08005146   0x0000004a   Code   RO         2368    .text               c_w.l(sys_stackheap_outer.o)
    0x08005190   0x00000008   Code   RO         2375    .text               c_w.l(rt_eh_globals_addr_intlibspace.o)
    0x08005198   0x00000034   Code   RO         2381    .text               c_w.l(h1_extend.o)
    0x080051cc   0x0000000c   Code   RO         2512    .text               c_w.l(exit.o)
    0x080051d8   0x00000032   Code   RO         2519    .text               c_w.l(defsig_general.o)
    0x0800520a   0x0000000e   Code   RO         2521    .text               c_w.l(defsig_rtmem_outer.o)
    0x08005218   0x0000003c   Code   RO         2651    .text               cpprt_w.l(arm_exceptions_mem.o)
    0x08005254   0x0000000e   Code   RO         2683    .text               c_w.l(sys_wrch.o)
    0x08005262   0x00000002   PAD
    0x08005264   0x00000050   Code   RO         2794    .text               c_w.l(defsig_rtmem_inner.o)
    0x080052b4   0x00000004   Code   RO         1200    i._ZN4__rw15__rw_deallocateEPvji  cpp_ws.l(rwalloc.o)
    0x080052b8   0x00000008   Code   RO         1348    i._ZdaPv            cpprt_w.l(array_del.o)
    0x080052c0   0x00000008   Code   RO         1355    i._ZdlPv            cpprt_w.l(delete.o)
    0x080052c8   0x00000008   Code   RO         1351    i._Znaj             cpprt_w.l(array_new.o)
    0x080052d0   0x00000028   Code   RO         1358    i._Znwj             cpprt_w.l(new.o)
    0x080052f8   0x00000006   Code   RO         1362    i.__cxa_pure_virtual  cpprt_w.l(pure_virt.o)
    0x080052fe   0x00000012   Code   RO          442    t._ZN6VectorIP8ObserverEixEj  obserable.o
    0x08005310   0x0000000a   Code   RO          520    t._ZNSt6vectorIiSaIiEEC1ERKS0_  vgmdata.o
    0x0800531a   0x00000022   Code   RO          526    t._ZNSt6vectorIiSaIiEED1Ev  vgmdata.o
    0x0800533c   0x0000005a   Code   RO         1465    x$fpl$dfixu         fz_ws.l(dfixu.o)
    0x08005396   0x00000026   Code   RO         1469    x$fpl$dfltu         fz_ws.l(dflt_clz.o)
    0x080053bc   0x00000154   Code   RO         1475    x$fpl$dmul          fz_ws.l(dmul.o)
    0x08005510   0x0000009c   Code   RO         1723    x$fpl$dnaninf       fz_ws.l(dnaninf.o)
    0x080055ac   0x0000000c   Code   RO         1725    x$fpl$dretinf       fz_ws.l(dretinf.o)
    0x080055b8   0x00000000   Code   RO         1727    x$fpl$usenofp       fz_ws.l(usenofp.o)
    0x080055b8   0x0000000c   Data   RO          196    .constdata          io.o
    0x080055c4   0x0000000c   Data   RO          197    .constdata          io.o
    0x080055d0   0x0000000c   Data   RO          198    .constdata          io.o
    0x080055dc   0x0000000c   Data   RO          199    .constdata          io.o
    0x080055e8   0x0000000c   Data   RO          200    .constdata          io.o
    0x080055f4   0x0000000c   Data   RO          201    .constdata          io.o
    0x08005600   0x0000000c   Data   RO          202    .constdata          io.o
    0x0800560c   0x0000000c   Data   RO          203    .constdata          io.o
    0x08005618   0x0000000c   Data   RO          204    .constdata          io.o
    0x08005624   0x0000000c   Data   RO          205    .constdata          io.o
    0x08005630   0x0000000c   Data   RO          206    .constdata          io.o
    0x0800563c   0x0000000c   Data   RO          207    .constdata          io.o
    0x08005648   0x0000000c   Data   RO          208    .constdata          io.o
    0x08005654   0x0000000c   Data   RO          211    .constdata          io.o
    0x08005660   0x0000000c   Data   RO          212    .constdata          io.o
    0x0800566c   0x0000000c   Data   RO          213    .constdata          io.o
    0x08005678   0x0000000c   Data   RO          215    .constdata          io.o
    0x08005684   0x0000000c   Data   RO          216    .constdata          io.o
    0x08005690   0x0000000c   Data   RO          217    .constdata          io.o
    0x0800569c   0x0000000c   Data   RO          218    .constdata          io.o
    0x080056a8   0x0000000c   Data   RO          219    .constdata          io.o
    0x080056b4   0x0000000c   Data   RO          220    .constdata          io.o
    0x080056c0   0x0000000c   Data   RO          221    .constdata          io.o
    0x080056cc   0x0000000c   Data   RO          222    .constdata          io.o
    0x080056d8   0x0000000c   Data   RO          223    .constdata          io.o
    0x080056e4   0x0000000c   Data   RO          224    .constdata          io.o
    0x080056f0   0x000007ae   Data   RO          993    .constdata          main.o
    0x08005e9e   0x000000ba   Data   RO         1118    .constdata          ff.o
    0x08005f58   0x000004c0   Data   RO         1143    .constdata          unicode.o
    0x08006418   0x00000030   Data   RO          979    .constdata__ZTV14VGMAudioPlayer  vgmaudioplayer.o
    0x08006448   0x00000028   Data   RO          756    .constdata__ZTV15VGMDataObverser  vgmdataobverser.o
    0x08006470   0x00000044   Data   RO          519    .constdata__ZTV7VGMData  vgmdata.o
    0x080064b4   0x00000044   Data   RO          781    .constdata__ZTV7VGMFile  vgmfile.o
    0x080064f8   0x00000028   Data   RO          481    .constdata__ZTV8Observer  observer.o
    0x08006520   0x00000020   Data   RO         3034    Region$$Table       anon$$obj.o


    Execution Region RW_IRAM1 (Base: 0x20000000, Size: 0x00004d68, Max: 0x00005000, ABSOLUTE)

    Base Addr    Size         Type   Attr      Idx    E Section Name        Object

    0x20000000   0x00000014   Data   RW            2    .data               system_stm32f10x.o
    0x20000014   0x00000014   Data   RW           93    .data               stm32f10x_rcc.o
    0x20000028   0x00000004   Data   RW          144    .data               delay.o
    0x2000002c   0x00000001   Data   RW          251    .data               mmc_sd.o
    0x2000002d   0x00000003   PAD
    0x20000030   0x00000004   Data   RW          994    .data               main.o
    0x20000034   0x0000000c   Data   RW         1119    .data               ff.o
    0x20000040   0x00000014   Data   RW         1165    .data               malloc.o
    0x20000054   0x00000230   Zero   RW          330    .bss                vgmboard.o
    0x20000284   0x00002800   Zero   RW         1160    .bss                malloc.o
    0x20002a84   0x00000280   Zero   RW         1161    .bss                malloc.o
    0x20002d04   0x00000060   Zero   RW         1731    .bss                c_w.l(libspace.o)
    0x20002d64   0x00000004   PAD
    0x20002d68   0x00001000   Zero   RW          137    HEAP                startup_stm32f10x_md.o
    0x20003d68   0x00001000   Zero   RW          136    STACK               startup_stm32f10x_md.o


==============================================================================

Image component sizes


      Code (inc. data)   RO Data    RW Data    ZI Data      Debug   Object Name

         0          0          0          0          0     206857   array.o
       106          0          0          0          0       3816   audiodevice.o
         0          0          0          0          0         32   core_cm3.o
       116          6          0          4          0        835   delay.o
       158          0          0          0          0       3361   diskio.o
     10156        130        186         12          0      31836   ff.o
        46          0        312          0          0       2964   io.o
       848        506       1966          4          0      13828   main.o
       340          4          0         20      10880       3311   malloc.o
         0          0          0          0          0     201624   misc.o
      1192         16          0          1          0       5982   mmc_sd.o
       420          0          0          0          0       6940   obserable.o
        12          4         40          0          0       1152   observer.o
        32          0          0          0          0        860   platform.o
        22          0          0          0          0       1522   sn76489.o
       312         10          0          0          0       1037   spi.o
        64         26        236          0       8192        724   startup_stm32f10x_md.o
       620         36          0          0          0       4893   stm32f10x_gpio.o
        18          0          0          0          0       1122   stm32f10x_it.o
       696         32          0         20          0       7944   stm32f10x_rcc.o
       628         14          0          0          0      12654   stm32f10x_spi.o
       320         32          0         20          0      22791   system_stm32f10x.o
        92         14       1216          0          0       1193   unicode.o
        80          6         48          0          0       4104   vgmaudioplayer.o
      1364        146          0          0        560       5698   vgmboard.o
      1334         22         68          0          0      20756   vgmdata.o
        20          4         40          0          0        880   vgmdataobverser.o
       412         22         68          0          0      18498   vgmfile.o
        24          0          0          0          0       1464   ym2151.o
        24          0          0          0          0       1390   ym2612.o

    ----------------------------------------------------------------------
     19462       1030       4212         84      19632     590068   Object Totals
         0          0         32          0          0          0   (incl. Generated)
         6          0          0          3          0          0   (incl. Padding)

    ----------------------------------------------------------------------

      Code (inc. data)   RO Data    RW Data    ZI Data      Debug   Library Member Name

         8          0          0          0          0         68   __main.o
        52          8          0          0          0          0   __scatter.o
        26          0          0          0          0          0   __scatter_copy.o
        28          0          0          0          0          0   __scatter_zi.o
        16          0          0          0          0         72   abort.o
        48         34          0          0          0         76   defsig_abrt_inner.o
        14          0          0          0          0         80   defsig_abrt_outer.o
        10          0          0          0          0         68   defsig_exit.o
        50          0          0          0          0         88   defsig_general.o
        48         34          0          0          0         76   defsig_pvfn_inner.o
        14          0          0          0          0         80   defsig_pvfn_outer.o
        80         58          0          0          0         76   defsig_rtmem_inner.o
        14          0          0          0          0         80   defsig_rtmem_outer.o
        12          0          0          0          0         72   exit.o
        94          0          0          0          0         80   h1_alloc.o
        52          0          0          0          0         68   h1_extend.o
        78          0          0          0          0         80   h1_free.o
        14          0          0          0          0         84   h1_init.o
         6          0          0          0          0        152   heapauxi.o
         4          0          0          0          0        136   hguard.o
         0          0          0          0          0          0   indicate_semi.o
       138          0          0          0          0        168   init_alloc.o
         2          0          0          0          0          0   libinit.o
        10          0          0          0          0          0   libinit2.o
         2          0          0          0          0          0   libshutdown.o
         2          0          0          0          0          0   libshutdown2.o
         8          4          0          0         96         68   libspace.o
         0          0          0          0          0          0   maybetermalloc1.o
         8          4          0          0          0         68   rt_eh_globals_addr_intlibspace.o
         8          4          0          0          0         68   rt_heap_descriptor_intlibspace.o
        68          0          0          0          0         68   rt_memclr.o
        78          0          0          0          0         80   rt_memclr_w.o
       100          0          0          0          0         80   rt_memcpy_w.o
         8          4          0          0          0         68   rt_new_handler_addr_intlibspace.o
         0          0          0          0          0          0   rtentry.o
        12          0          0          0          0          0   rtentry2.o
         6          0          0          0          0          0   rtentry4.o
         2          0          0          0          0          0   rtexit.o
        10          0          0          0          0          0   rtexit2.o
        86          0          0          0          0         76   strncpy.o
        36          0          0          0          0         80   strstr.o
        12          4          0          0          0         68   sys_exit.o
        74          0          0          0          0         80   sys_stackheap_outer.o
        14          0          0          0          0         76   sys_wrch.o
         2          0          0          0          0         68   use_no_semi.o
         4          0          0          0          0         68   rwalloc.o
        80         14          0          0          0        100   arm_exceptions_globs.o
        60          0          0          0          0        108   arm_exceptions_mem.o
        26          0          0          0          0         76   arm_exceptions_terminate.o
         4          0          0          0          0         68   arm_newhandler_noexceptions.o
         8          0          0          0          0         76   array_del.o
         8          0          0          0          0         76   array_new.o
         8          0          0          0          0         76   delete.o
        40          6          0          0          0         76   new.o
         6          0          0          0          0         68   pure_virt.o
        90          4          0          0          0         92   dfixu.o
        38          0          0          0          0         68   dflt_clz.o
       340         12          0          0          0        104   dmul.o
       156          4          0          0          0         92   dnaninf.o
        12          0          0          0          0         68   dretinf.o
         0          0          0          0          0          0   usenofp.o

    ----------------------------------------------------------------------
      2246        194          0          0        100       3768   Library Totals
        12          0          0          0          4          0   (incl. Padding)

    ----------------------------------------------------------------------

      Code (inc. data)   RO Data    RW Data    ZI Data      Debug   Library Name

      1354        154          0          0         96       2552   c_w.l
         4          0          0          0          0         68   cpp_ws.l
       240         20          0          0          0        724   cpprt_w.l
       636         20          0          0          0        424   fz_ws.l

    ----------------------------------------------------------------------
      2246        194          0          0        100       3768   Library Totals

    ----------------------------------------------------------------------

==============================================================================


      Code (inc. data)   RO Data    RW Data    ZI Data      Debug   

     21708       1224       4212         84      19732     588064   Grand Totals
     21708       1224       4212         84      19732     588064   ELF Image Totals
     21708       1224       4212         84          0          0   ROM Totals

==============================================================================

    Total RO  Size (Code + RO Data)                25920 (  25.31kB)
    Total RW  Size (RW Data + ZI Data)             19816 (  19.35kB)
    Total ROM Size (Code + RO Data + RW Data)      26004 (  25.39kB)

==============================================================================

